-- rFunc-rename --
renaming "sFunc" to "rFunc" not possible because "github.com/charlievieth/tools/xint/lsp/rename/bad" has errors
